// Jest Snapshot v1, https://goo.gl/fbAQLP

exports[`renders 1`] = `
<DocumentFragment>
  <div
    class="p-4 lg:w-1/3 md:w-1/3 sm:w-full w-full"
  >
    <div
      class="card_element4 px-2 py-6 rounded-lg"
    >
      <h2
        class="font-medium text-3xl text-gray-300"
        data-testid="h3tag"
      >
        $0.00
      </h2>
      <p
        class="leading-relaxed text-gray-300"
      >
        Your balance
      </p>
    </div>
  </div>
</DocumentFragment>
`;
